###############################################################################
#
# IAR ELF Linker V9.10.1.308/W64 for ARM                  06/Dec/2025  19:35:08
# Copyright 2007-2021 IAR Systems AB.
#
#    Output file  =
#        C:\Users\Lenovo\Desktop\Senior-1\Fall 2025\CSE211 Introduction to
#        Embedded
#        Systems\Project\Door_Lock_System\HMI_ECU\Debug\Exe\HMI_ECU.out
#    Map file     =
#        C:\Users\Lenovo\Desktop\Senior-1\Fall 2025\CSE211 Introduction to
#        Embedded
#        Systems\Project\Door_Lock_System\HMI_ECU\Debug\List\HMI_ECU.map
#    Command line =
#        -f "C:\Users\Lenovo\Desktop\Senior-1\Fall 2025\CSE211 Introduction to
#        Embedded
#        Systems\Project\Door_Lock_System\HMI_ECU\Debug\Exe\HMI_ECU.out.rsp"
#        ("C:\Users\Lenovo\Desktop\Senior-1\Fall 2025\CSE211 Introduction to
#        Embedded
#        Systems\Project\Door_Lock_System\HMI_ECU\Debug\Obj\MCAL\ADC.o"
#        "C:\Users\Lenovo\Desktop\Senior-1\Fall 2025\CSE211 Introduction to
#        Embedded
#        Systems\Project\Door_Lock_System\HMI_ECU\Debug\Obj\HAL\Button.o"
#        "C:\Users\Lenovo\Desktop\Senior-1\Fall 2025\CSE211 Introduction to
#        Embedded
#        Systems\Project\Door_Lock_System\HMI_ECU\Debug\Obj\MCAL\Dio.o"
#        "C:\Users\Lenovo\Desktop\Senior-1\Fall 2025\CSE211 Introduction to
#        Embedded
#        Systems\Project\Door_Lock_System\HMI_ECU\Debug\Obj\MCAL\I2C.o"
#        "C:\Users\Lenovo\Desktop\Senior-1\Fall 2025\CSE211 Introduction to
#        Embedded
#        Systems\Project\Door_Lock_System\HMI_ECU\Debug\Obj\HAL\KEYPAD.o"
#        "C:\Users\Lenovo\Desktop\Senior-1\Fall 2025\CSE211 Introduction to
#        Embedded Systems\Project\Door_Lock_System\HMI_ECU\Debug\Obj\HAL\LCD.o"
#        "C:\Users\Lenovo\Desktop\Senior-1\Fall 2025\CSE211 Introduction to
#        Embedded Systems\Project\Door_Lock_System\HMI_ECU\Debug\Obj\HAL\Led.o"
#        "C:\Users\Lenovo\Desktop\Senior-1\Fall 2025\CSE211 Introduction to
#        Embedded
#        Systems\Project\Door_Lock_System\HMI_ECU\Debug\Obj\APP\main.o"
#        "C:\Users\Lenovo\Desktop\Senior-1\Fall 2025\CSE211 Introduction to
#        Embedded Systems\Project\Door_Lock_System\HMI_ECU\Debug\Obj\HAL\POT.o"
#        "C:\Users\Lenovo\Desktop\Senior-1\Fall 2025\CSE211 Introduction to
#        Embedded
#        Systems\Project\Door_Lock_System\HMI_ECU\Debug\Obj\MCAL\SYSTICK.o"
#        "C:\Users\Lenovo\Desktop\Senior-1\Fall 2025\CSE211 Introduction to
#        Embedded
#        Systems\Project\Door_Lock_System\HMI_ECU\Debug\Obj\MCAL\UART.o"
#        --no_out_extension -o "C:\Users\Lenovo\Desktop\Senior-1\Fall
#        2025\CSE211 Introduction to Embedded
#        Systems\Project\Door_Lock_System\HMI_ECU\Debug\Exe\HMI_ECU.out"
#        --redirect _Printf=_PrintfFullNoMb --redirect _Scanf=_ScanfFullNoMb
#        --map "C:\Users\Lenovo\Desktop\Senior-1\Fall 2025\CSE211 Introduction
#        to Embedded
#        Systems\Project\Door_Lock_System\HMI_ECU\Debug\List\HMI_ECU.map"
#        --config "C:\Program Files\IAR Systems\Embedded Workbench
#        9.0\arm\config\linker\TexasInstruments\TM4C123GH6.icf" --semihosting
#        C:\ti\TivaWare_C_Series-2.2.0.295\driverlib\ewarm\Exe\driverlib.a
#        --entry __iar_program_start --vfe --text_out locale)
#
###############################################################################

*******************************************************************************
*** MESSAGES
***

Warning[Lt009]: Inconsistent wchar_t size
            gpio.o(driverlib.a) and 5 other objects in driverlib.a have wchar_t
                      size 16 bits
            ADC.o and 34 other objects, some of them in dl7M_tln.a and 16 other
                      libraries have wchar_t size 32 bits


*******************************************************************************
*** RUNTIME MODEL ATTRIBUTES
***

CppFlavor       = *
__SystemLibrary = DLib
__dlib_version  = 6


*******************************************************************************
*** HEAP SELECTION
***

The basic heap was selected because no calls to memory allocation
functions were found in the application outside of system library
functions, and there are calls to deallocation functions in the
application.


*******************************************************************************
*** PLACEMENT SUMMARY
***

"A0":  place at address 0x0 { ro section .intvec };
"P1":  place in [from 0x0 to 0x3'ffff] { ro };
define block CSTACK with size = 4K, alignment = 8 { };
define block HEAP with size = 8K, alignment = 8 { };
"P2":  place in [from 0x2000'0000 to 0x2000'7fff] {
          rw, block CSTACK, block HEAP };
initialize by copy { rw };

  Section            Kind         Address    Size  Object
  -------            ----         -------    ----  ------
"A0":                                        0x40
  .intvec            ro code          0x0    0x40  vector_table_M.o [7]
                                   - 0x40    0x40

"P1":                                      0x2646
  .text              ro code         0x40   0xf16  xprintffull_nomb.o [4]
  .text              ro code        0xf56    0x2a  copy_init3.o [7]
  .text              ro code        0xf80    0x16  strchr.o [7]
  .rodata            const          0xf96     0x2  KEYPAD.o [2]
  .text              ro code        0xf98    0x40  xfail_s.o [4]
  .text              ro code        0xfd8    0x36  strlen.o [7]
  .rodata            const         0x100e     0x2  KEYPAD.o [2]
  .text              ro code       0x1010    0x58  memchr.o [7]
  .text              ro code       0x1068    0x76  ABImemcpy_unaligned.o [7]
  .rodata            const         0x10de     0x2  KEYPAD.o [2]
  .text              ro code       0x10e0    0x70  frexp.o [6]
  .text              ro code       0x1150    0x34  DblCmpLe.o [6]
  .text              ro code       0x1184    0x34  DblCmpGe.o [6]
  .text              ro code       0x11b8   0x13a  ldexp.o [6]
  .rodata            const         0x12f2     0x2  KEYPAD.o [2]
  .text              ro code       0x12f4    0x36  DblToS32.o [6]
  .rodata            const         0x132a     0x2  KEYPAD.o [2]
  .text              ro code       0x132c    0x22  S32ToDbl.o [6]
  .rodata            const         0x134e     0x2  KEYPAD.o [2]
  .text              ro code       0x1350   0x24e  DblAddSub.o [6]
  .rodata            const         0x159e     0x2  KEYPAD.o [2]
  .text              ro code       0x15a0   0x246  DblDiv.o [6]
  .rodata            const         0x17e6     0x2  KEYPAD.o [2]
  .text              ro code       0x17e8    0x22  DblToU32.o [6]
  .rodata            const         0x180a     0x2  KEYPAD.o [2]
  .text              ro code       0x180c    0x1c  U32ToDbl.o [6]
  .text              ro code       0x1828   0x1aa  DblMul.o [6]
  .rodata            const         0x19d2     0x2  KEYPAD.o [2]
  .text              ro code       0x19d4   0x230  I64DivMod.o [7]
  .text              ro code       0x1c04     0x6  abort.o [4]
  .rodata            const         0x1c0a     0x2  KEYPAD.o [2]
  .text              ro code       0x1c0c     0x2  I64DivZer.o [7]
  .rodata            const         0x1c0e     0x2  KEYPAD.o [2]
  .text              ro code       0x1c10    0x14  exit.o [8]
  .text              ro code       0x1c24    0x7c  iarttio.o [8]
  .text              ro code       0x1ca0     0x8  XShttio.o [4]
  .text              ro code       0x1ca8   0x2e8  Dio.o [3]
  .text              ro code       0x1f90    0x28  printf.o [4]
  .text              ro code       0x1fb8    0x44  sysctl.o [5]
  .text              ro code       0x1ffc   0x1f0  gpio.o [5]
  .text              ro code       0x21ec   0x134  KEYPAD.o [2]
  Initializer bytes  const         0x2320    0x4c  <for P2-1>
  .rodata            const         0x236c    0x40  Dio.o [3]
  .rodata            const         0x23ac    0x34  Dio.o [3]
  .rodata            const         0x23e0    0x34  Dio.o [3]
  .rodata            const         0x2414    0x34  Dio.o [3]
  .rodata            const         0x2448    0x2c  Dio.o [3]
  .rodata            const         0x2474    0x2c  Dio.o [3]
  .text              ro code       0x24a0    0x28  data_init.o [7]
  .text              ro code       0x24c8    0x24  main.o [1]
  .text              ro code       0x24ec    0x10  SYSTICK.o [3]
  .text              ro code       0x24fc    0x1c  systick.o [5]
  .text              ro code       0x2518    0x22  fpinit_M.o [6]
  .text              ro code       0x253a    0x22  iarwrite.o [8]
  .iar.init_table    const         0x255c    0x14  - Linker created -
  .text              ro code       0x2570    0x20  putchar.o [4]
  .text              ro code       0x2590    0x10  write.o [8]
  .text              ro code       0x25a0    0x1e  dwrite.o [8]
  .text              ro code       0x25be    0x20  iarwstd.o [8]
  .rodata            const         0x25de     0x2  KEYPAD.o [2]
  .text              ro code       0x25e0    0x1e  cmain.o [7]
  .text              ro code       0x25fe     0x4  low_level_init.o [4]
  .text              ro code       0x2602     0x4  exit.o [4]
  .rodata            const         0x2606     0x2  KEYPAD.o [2]
  .text              ro code       0x2608     0xa  cexit.o [7]
  .rodata            const         0x2612     0x2  KEYPAD.o [2]
  .text              ro code       0x2614    0x1c  cstartup_M.o [7]
  .rodata            const         0x2630    0x18  Dio.o [3]
  .text              ro code       0x2648    0x16  xprout.o [4]
  .rodata            const         0x265e     0x2  KEYPAD.o [2]
  .rodata            const         0x2660    0x14  main.o [1]
  .rodata            const         0x2674     0x4  KEYPAD.o [2]
  .rodata            const         0x2678     0x4  KEYPAD.o [2]
  .rodata            const         0x267c     0x4  KEYPAD.o [2]
  .rodata            const         0x2680     0x4  KEYPAD.o [2]
  .text              ro code       0x2684     0x2  vectortrap_M.o [7]
  .rodata            const         0x2686     0x0  copy_init3.o [7]
                                 - 0x2686  0x2646

"P2", part 1 of 2:                           0x4c
  P2-1                        0x2000'0000    0x4c  <Init block>
    .data            inited   0x2000'0000    0x40  KEYPAD.o [2]
    .data            inited   0x2000'0040     0x8  XShttio.o [4]
    .bss             inited   0x2000'0048     0x4  xfail_s.o [4]
                            - 0x2000'004c    0x4c

"P2", part 2 of 2:                         0x1000
  CSTACK                      0x2000'0050  0x1000  <Block>
    CSTACK           uninit   0x2000'0050  0x1000  <Block tail>
                            - 0x2000'1050  0x1000

Unused ranges:

         From           To      Size
         ----           --      ----
       0x2686     0x3'ffff  0x3'd97a
  0x2000'004c  0x2000'004f       0x4
  0x2000'1050  0x2000'7fff    0x6fb0


*******************************************************************************
*** INIT TABLE
***

          Address      Size
          -------      ----
Copy (__iar_copy_init3)
    1 source range, total size 0x4c:
               0x2320  0x4c
    1 destination range, total size 0x4c:
          0x2000'0000  0x4c



*******************************************************************************
*** MODULE SUMMARY
***

    Module                 ro code  ro data  rw data
    ------                 -------  -------  -------
command line/config:
    ------------------------------------------------
    Total:

C:\Users\Lenovo\Desktop\Senior-1\Fall 2025\CSE211 Introduction to Embedded Systems\Project\Door_Lock_System\HMI_ECU\Debug\Obj\APP: [1]
    main.o                      36       20
    ------------------------------------------------
    Total:                      36       20

C:\Users\Lenovo\Desktop\Senior-1\Fall 2025\CSE211 Introduction to Embedded Systems\Project\Door_Lock_System\HMI_ECU\Debug\Obj\HAL: [2]
    KEYPAD.o                   308      112       64
    ------------------------------------------------
    Total:                     308      112       64

C:\Users\Lenovo\Desktop\Senior-1\Fall 2025\CSE211 Introduction to Embedded Systems\Project\Door_Lock_System\HMI_ECU\Debug\Obj\MCAL: [3]
    Dio.o                      744      332
    SYSTICK.o                   16
    ------------------------------------------------
    Total:                     760      332

dl7M_tln.a: [4]
    XShttio.o                    8        8        8
    abort.o                      6
    exit.o                       4
    low_level_init.o             4
    printf.o                    40
    putchar.o                   32
    xfail_s.o                   64        4        4
    xprintffull_nomb.o       3'862
    xprout.o                    22
    ------------------------------------------------
    Total:                   4'042       12       12

driverlib.a: [5]
    gpio.o                     496
    sysctl.o                    68
    systick.o                   28
    ------------------------------------------------
    Total:                     592

m7M_tls.a: [6]
    DblAddSub.o                590
    DblCmpGe.o                  52
    DblCmpLe.o                  52
    DblDiv.o                   582
    DblMul.o                   426
    DblToS32.o                  54
    DblToU32.o                  34
    S32ToDbl.o                  34
    U32ToDbl.o                  28
    fpinit_M.o                  34
    frexp.o                    112
    ldexp.o                    314
    ------------------------------------------------
    Total:                   2'312

rt7M_tl.a: [7]
    ABImemcpy_unaligned.o      118
    I64DivMod.o                560
    I64DivZer.o                  2
    cexit.o                     10
    cmain.o                     30
    copy_init3.o                42
    cstartup_M.o                28
    data_init.o                 40
    memchr.o                    88
    strchr.o                    22
    strlen.o                    54
    vector_table_M.o            64
    vectortrap_M.o               2
    ------------------------------------------------
    Total:                   1'060

shb_l.a: [8]
    dwrite.o                    30
    exit.o                      20
    iarttio.o                  124
    iarwrite.o                  34
    iarwstd.o                   32
    write.o                     16
    ------------------------------------------------
    Total:                     256

    Linker created                       20    4'096
----------------------------------------------------
    Grand Total:             9'366      496    4'172


*******************************************************************************
*** ENTRY LIST
***

Entry                       Address   Size  Type      Object
-----                       -------   ----  ----      ------
.iar.init_table$$Base        0x255c          --   Gb  - Linker created -
.iar.init_table$$Limit       0x2570          --   Gb  - Linker created -
?main                        0x25e1         Code  Gb  cmain.o [7]
BusFault_Handler             0x2685         Code  Wk  vectortrap_M.o [7]
CSTACK$$Base            0x2000'0050          --   Gb  - Linker created -
CSTACK$$Limit           0x2000'1050          --   Gb  - Linker created -
DebugMon_Handler             0x2685         Code  Wk  vectortrap_M.o [7]
Dio_Init                     0x1ca9  0x142  Code  Gb  Dio.o [3]
Dio_ReadChannel              0x1e35   0x5c  Code  Gb  Dio.o [3]
Dio_SetPUR                   0x1e91   0xb4  Code  Gb  Dio.o [3]
Dio_WriteChannel             0x1deb   0x4a  Code  Gb  Dio.o [3]
GPIODirModeSet               0x1ffd   0x28  Code  Gb  gpio.o [5]
GPIOPadConfigSet             0x2025  0x174  Code  Gb  gpio.o [5]
GPIOPinRead                  0x2199    0x6  Code  Gb  gpio.o [5]
GPIOPinTypeGPIOInput         0x21a9   0x14  Code  Gb  gpio.o [5]
GPIOPinTypeGPIOOutput        0x21bd    0xa  Code  Gb  gpio.o [5]
GPIOPinWrite                 0x219f    0x6  Code  Gb  gpio.o [5]
HardFault_Handler            0x2685         Code  Wk  vectortrap_M.o [7]
Keypad_GetKey                0x225d   0xae  Code  Gb  KEYPAD.o [2]
Keypad_Init                  0x21ed   0x70  Code  Gb  KEYPAD.o [2]
MemManage_Handler            0x2685         Code  Wk  vectortrap_M.o [7]
NMI_Handler                  0x2685         Code  Wk  vectortrap_M.o [7]
PendSV_Handler               0x2685         Code  Wk  vectortrap_M.o [7]
Region$$Table$$Base          0x255c          --   Gb  - Linker created -
Region$$Table$$Limit         0x2570          --   Gb  - Linker created -
SVC_Handler                  0x2685         Code  Wk  vectortrap_M.o [7]
SysCtlPeripheralEnable       0x1fd9    0x8  Code  Gb  sysctl.o [5]
SysCtlPeripheralReady        0x1fb9    0x8  Code  Gb  sysctl.o [5]
SysTickDisable               0x24fd    0xc  Code  Gb  systick.o [5]
SysTickPeriodSet             0x2509    0x8  Code  Gb  systick.o [5]
SysTick_Handler              0x2685         Code  Wk  vectortrap_M.o [7]
SysTick_Init                 0x24ed   0x10  Code  Gb  SYSTICK.o [3]
UsageFault_Handler           0x2685         Code  Wk  vectortrap_M.o [7]
_LitobFullNoMb                0xd5d  0x10c  Code  Lc  xprintffull_nomb.o [4]
_PrintfFullNoMb                0x41  0xcec  Code  Gb  xprintffull_nomb.o [4]
_Prout                       0x2649   0x16  Code  Gb  xprout.o [4]
_PutcharFullNoMb              0xec1   0x20  Code  Lc  xprintffull_nomb.o [4]
_PutcharsFullNoMb             0xee1   0x2e  Code  Lc  xprintffull_nomb.o [4]
__aeabi_cdcmple              0x1151         Code  Gb  DblCmpLe.o [6]
__aeabi_cdrcmple             0x1185         Code  Gb  DblCmpGe.o [6]
__aeabi_d2iz                 0x12f5         Code  Gb  DblToS32.o [6]
__aeabi_d2uiz                0x17e9         Code  Gb  DblToU32.o [6]
__aeabi_ddiv                 0x15a1         Code  Gb  DblDiv.o [6]
__aeabi_dmul                 0x1829         Code  Gb  DblMul.o [6]
__aeabi_dsub                 0x14bd         Code  Gb  DblAddSub.o [6]
__aeabi_i2d                  0x132d         Code  Gb  S32ToDbl.o [6]
__aeabi_ldiv0                0x1c0d         Code  Gb  I64DivZer.o [7]
__aeabi_ui2d                 0x180d         Code  Gb  U32ToDbl.o [6]
__aeabi_uldivmod             0x19d5         Code  Gb  I64DivMod.o [7]
__cmain                      0x25e1         Code  Gb  cmain.o [7]
__dwrite                     0x25a1   0x1e  Code  Gb  dwrite.o [8]
__exit                       0x1c11   0x14  Code  Gb  exit.o [8]
__iar_Fail_s                  0xf99   0x1c  Code  Gb  xfail_s.o [4]
__iar_Memchr                 0x1011         Code  Gb  memchr.o [7]
__iar_Strchr                  0xf81         Code  Gb  strchr.o [7]
__iar_close_ttio             0x1c25   0x2c  Code  Gb  iarttio.o [8]
__iar_copy_init3              0xf57   0x2a  Code  Gb  copy_init3.o [7]
__iar_data_init3             0x24a1   0x28  Code  Gb  data_init.o [7]
__iar_frexp                  0x10ed         Code  Gb  frexp.o [6]
__iar_frexpl                 0x10ed         Code  Gb  frexp.o [6]
__iar_get_ttio               0x1c51   0x4c  Code  Gb  iarttio.o [8]
__iar_init_vfp               0x2519         Code  Gb  fpinit_M.o [6]
__iar_ldexp64                0x11b9         Code  Gb  ldexp.o [6]
__iar_lookup_ttioh           0x1ca1    0x8  Code  Gb  XShttio.o [4]
__iar_program_start          0x2615         Code  Gb  cstartup_M.o [7]
__iar_scalbln64              0x11b9         Code  Gb  ldexp.o [6]
__iar_scalbn64               0x11b9         Code  Gb  ldexp.o [6]
__iar_sh_stdout              0x25bf   0x20  Code  Gb  iarwstd.o [8]
__iar_sh_write               0x253b   0x22  Code  Gb  iarwrite.o [8]
__iar_softfp___iar_frexp64
                             0x10e1         Code  Gb  frexp.o [6]
__iar_softfp_frexp           0x10e1         Code  Gb  frexp.o [6]
__iar_softfp_frexpl          0x10e1         Code  Gb  frexp.o [6]
__iar_ttio_handles      0x2000'0040    0x8  Data  Lc  XShttio.o [4]
__iar_unaligned_memcpy       0x1069         Code  Gb  ABImemcpy_unaligned.o [7]
__iar_unaligned_memcpy4
                             0x1089         Code  Gb  ABImemcpy_unaligned.o [7]
__iar_unaligned_memcpy8
                             0x1089         Code  Gb  ABImemcpy_unaligned.o [7]
__low_level_init             0x25ff    0x4  Code  Gb  low_level_init.o [4]
__vector_table                  0x0         Data  Gb  vector_table_M.o [7]
__write                      0x2591   0x10  Code  Gb  write.o [8]
_call_main                   0x25ed         Code  Gb  cmain.o [7]
_exit                        0x2609         Code  Gb  cexit.o [7]
abort                        0x1c05    0x6  Code  Gb  abort.o [4]
exit                         0x2603    0x4  Code  Gb  exit.o [4]
keypad_codes            0x2000'0000   0x40  Data  Gb  KEYPAD.o [2]
ldexp                        0x11b9         Code  Gb  ldexp.o [6]
ldexpl                       0x11b9         Code  Gb  ldexp.o [6]
main                         0x24c9   0x24  Code  Gb  main.o [1]
memchr                       0x1011         Code  Gb  memchr.o [7]
printf                       0x1f91   0x28  Code  Gb  printf.o [4]
putchar                      0x2571   0x20  Code  Gb  putchar.o [4]
scalbln                      0x11b9         Code  Gb  ldexp.o [6]
scalblnl                     0x11b9         Code  Gb  ldexp.o [6]
scalbn                       0x11b9         Code  Gb  ldexp.o [6]
scalbnl                      0x11b9         Code  Gb  ldexp.o [6]
scale                         0xe69   0x46  Code  Lc  xprintffull_nomb.o [4]
sec_hand                0x2000'0048    0x4  Data  Lc  xfail_s.o [4]
strchr                        0xf81         Code  Gb  strchr.o [7]
strlen                        0xfd9         Code  Gb  strlen.o [7]


[1] = C:\Users\Lenovo\Desktop\Senior-1\Fall 2025\CSE211 Introduction to Embedded Systems\Project\Door_Lock_System\HMI_ECU\Debug\Obj\APP
[2] = C:\Users\Lenovo\Desktop\Senior-1\Fall 2025\CSE211 Introduction to Embedded Systems\Project\Door_Lock_System\HMI_ECU\Debug\Obj\HAL
[3] = C:\Users\Lenovo\Desktop\Senior-1\Fall 2025\CSE211 Introduction to Embedded Systems\Project\Door_Lock_System\HMI_ECU\Debug\Obj\MCAL
[4] = dl7M_tln.a
[5] = driverlib.a
[6] = m7M_tls.a
[7] = rt7M_tl.a
[8] = shb_l.a

  9'366 bytes of readonly  code memory
    496 bytes of readonly  data memory
  4'172 bytes of readwrite data memory

Errors: none
Warnings: 1
