###############################################################################
#
# IAR ELF Linker V9.10.1.308/W64 for ARM                  02/Dec/2025  14:58:13
# Copyright 2007-2021 IAR Systems AB.
#
#    Output file  =
#        C:\Users\Lenovo\Desktop\Senior-1\Fall 2025\CSE211 Introduction to
#        Embedded
#        Systems\Project\Door_Lock_System\CONTROL_ECU\Debug\Exe\CONTROL_ECU.out
#    Map file     =
#        C:\Users\Lenovo\Desktop\Senior-1\Fall 2025\CSE211 Introduction to
#        Embedded
#        Systems\Project\Door_Lock_System\CONTROL_ECU\Debug\List\CONTROL_ECU.map
#    Command line =
#        -f "C:\Users\Lenovo\Desktop\Senior-1\Fall 2025\CSE211 Introduction to
#        Embedded
#        Systems\Project\Door_Lock_System\CONTROL_ECU\Debug\List\CONTROL_ECU.map.rsp"
#        ("C:\Users\Lenovo\Desktop\Senior-1\Fall 2025\CSE211 Introduction to
#        Embedded
#        Systems\Project\Door_Lock_System\CONTROL_ECU\Debug\Obj\HAL\Button.o"
#        "C:\Users\Lenovo\Desktop\Senior-1\Fall 2025\CSE211 Introduction to
#        Embedded
#        Systems\Project\Door_Lock_System\CONTROL_ECU\Debug\Obj\MCAL\Dio.o"
#        "C:\Users\Lenovo\Desktop\Senior-1\Fall 2025\CSE211 Introduction to
#        Embedded
#        Systems\Project\Door_Lock_System\CONTROL_ECU\Debug\Obj\HAL\Led.o"
#        "C:\Users\Lenovo\Desktop\Senior-1\Fall 2025\CSE211 Introduction to
#        Embedded
#        Systems\Project\Door_Lock_System\CONTROL_ECU\Debug\Obj\APP\main.o"
#        --no_out_extension -o "C:\Users\Lenovo\Desktop\Senior-1\Fall
#        2025\CSE211 Introduction to Embedded
#        Systems\Project\Door_Lock_System\CONTROL_ECU\Debug\Exe\CONTROL_ECU.out"
#        --redirect _Printf=_PrintfFullNoMb --redirect _Scanf=_ScanfFullNoMb
#        --map "C:\Users\Lenovo\Desktop\Senior-1\Fall 2025\CSE211 Introduction
#        to Embedded
#        Systems\Project\Door_Lock_System\CONTROL_ECU\Debug\List\CONTROL_ECU.map"
#        --config "C:\Program Files\IAR Systems\Embedded Workbench
#        9.0\arm\config\linker\TexasInstruments\TM4C123GH6.icf" --semihosting
#        C:\ti\TivaWare_C_Series-2.2.0.295\driverlib\ewarm\Exe\driverlib.a
#        --entry __iar_program_start --vfe --text_out locale)
#
###############################################################################

*******************************************************************************
*** MESSAGES
***

Warning[Lt009]: Inconsistent wchar_t size
            gpio.o(driverlib.a) and 3 other objects in driverlib.a have wchar_t
                      size 16 bits
            Button.o and 27 other objects, some of them in dl7M_tln.a and 16
                      other libraries have wchar_t size 32 bits


*******************************************************************************
*** RUNTIME MODEL ATTRIBUTES
***

CppFlavor       = *
__SystemLibrary = DLib
__dlib_version  = 6


*******************************************************************************
*** HEAP SELECTION
***

The basic heap was selected because no calls to memory allocation
functions were found in the application outside of system library
functions, and there are calls to deallocation functions in the
application.


*******************************************************************************
*** PLACEMENT SUMMARY
***

"A0":  place at address 0x0 { ro section .intvec };
"P1":  place in [from 0x0 to 0x3'ffff] { ro };
define block CSTACK with size = 4K, alignment = 8 { };
define block HEAP with size = 8K, alignment = 8 { };
"P2":  place in [from 0x2000'0000 to 0x2000'7fff] {
          rw, block CSTACK, block HEAP };
initialize by copy { rw };

  Section            Kind         Address    Size  Object
  -------            ----         -------    ----  ------
"A0":                                        0x40
  .intvec            ro code          0x0    0x40  vector_table_M.o [7]
                                   - 0x40    0x40

"P1":                                       0x12c
  .text              ro code         0x40    0x2c  iarttio.o [8]
  .text              ro code         0x6c     0x8  XShttio.o [4]
  .text              ro code         0x74    0x2a  copy_init3.o [7]
  .text              ro code         0x9e     0x2  vectortrap_M.o [7]
  .text              ro code         0xa0    0x28  data_init.o [7]
  .text              ro code         0xc8    0x22  fpinit_M.o [6]
  .iar.init_table    const           0xec    0x14  - Linker created -
  .text              ro code        0x100    0x1e  cmain.o [7]
  .text              ro code        0x11e     0x4  low_level_init.o [4]
  .text              ro code        0x122     0x2  main.o [1]
  .text              ro code        0x124     0x4  exit.o [4]
  .text              ro code        0x128     0xa  cexit.o [7]
  .text              ro code        0x134    0x14  exit.o [8]
  .text              ro code        0x148    0x1c  cstartup_M.o [7]
  Initializer bytes  const          0x164     0x8  <for P2-1>
  .rodata            const          0x16c     0x0  copy_init3.o [7]
                                  - 0x16c   0x12c

"P2", part 1 of 2:                            0x8
  P2-1                        0x2000'0000     0x8  <Init block>
    .data            inited   0x2000'0000     0x8  XShttio.o [4]
                            - 0x2000'0008     0x8

"P2", part 2 of 2:                         0x1000
  CSTACK                      0x2000'0008  0x1000  <Block>
    CSTACK           uninit   0x2000'0008  0x1000  <Block tail>
                            - 0x2000'1008  0x1000

Unused ranges:

         From           To      Size
         ----           --      ----
        0x16c     0x3'ffff  0x3'fe94
  0x2000'1008  0x2000'7fff    0x6ff8


*******************************************************************************
*** INIT TABLE
***

          Address      Size
          -------      ----
Copy (__iar_copy_init3)
    1 source range, total size 0x8:
                0x164   0x8
    1 destination range, total size 0x8:
          0x2000'0000   0x8



*******************************************************************************
*** MODULE SUMMARY
***

    Module            ro code  ro data  rw data
    ------            -------  -------  -------
command line/config:
    -------------------------------------------
    Total:

C:\Users\Lenovo\Desktop\Senior-1\Fall 2025\CSE211 Introduction to Embedded Systems\Project\Door_Lock_System\CONTROL_ECU\Debug\Obj\APP: [1]
    main.o                  2
    -------------------------------------------
    Total:                  2

C:\Users\Lenovo\Desktop\Senior-1\Fall 2025\CSE211 Introduction to Embedded Systems\Project\Door_Lock_System\CONTROL_ECU\Debug\Obj\HAL: [2]
    -------------------------------------------
    Total:

C:\Users\Lenovo\Desktop\Senior-1\Fall 2025\CSE211 Introduction to Embedded Systems\Project\Door_Lock_System\CONTROL_ECU\Debug\Obj\MCAL: [3]
    -------------------------------------------
    Total:

dl7M_tln.a: [4]
    XShttio.o               8        8        8
    exit.o                  4
    low_level_init.o        4
    -------------------------------------------
    Total:                 16        8        8

driverlib.a: [5]
    -------------------------------------------
    Total:

m7M_tls.a: [6]
    fpinit_M.o             34
    -------------------------------------------
    Total:                 34

rt7M_tl.a: [7]
    cexit.o                10
    cmain.o                30
    copy_init3.o           42
    cstartup_M.o           28
    data_init.o            40
    vector_table_M.o       64
    vectortrap_M.o          2
    -------------------------------------------
    Total:                216

shb_l.a: [8]
    exit.o                 20
    iarttio.o              44
    -------------------------------------------
    Total:                 64

    Gaps                    2        2
    Linker created                  20    4'096
-----------------------------------------------
    Grand Total:          334       30    4'104


*******************************************************************************
*** ENTRY LIST
***

Entry                       Address  Size  Type      Object
-----                       -------  ----  ----      ------
.iar.init_table$$Base          0xec         --   Gb  - Linker created -
.iar.init_table$$Limit        0x100         --   Gb  - Linker created -
?main                         0x101        Code  Gb  cmain.o [7]
BusFault_Handler               0x9f        Code  Wk  vectortrap_M.o [7]
CSTACK$$Base            0x2000'0008         --   Gb  - Linker created -
CSTACK$$Limit           0x2000'1008         --   Gb  - Linker created -
DebugMon_Handler               0x9f        Code  Wk  vectortrap_M.o [7]
HardFault_Handler              0x9f        Code  Wk  vectortrap_M.o [7]
MemManage_Handler              0x9f        Code  Wk  vectortrap_M.o [7]
NMI_Handler                    0x9f        Code  Wk  vectortrap_M.o [7]
PendSV_Handler                 0x9f        Code  Wk  vectortrap_M.o [7]
Region$$Table$$Base            0xec         --   Gb  - Linker created -
Region$$Table$$Limit          0x100         --   Gb  - Linker created -
SVC_Handler                    0x9f        Code  Wk  vectortrap_M.o [7]
SysTick_Handler                0x9f        Code  Wk  vectortrap_M.o [7]
UsageFault_Handler             0x9f        Code  Wk  vectortrap_M.o [7]
__cmain                       0x101        Code  Gb  cmain.o [7]
__exit                        0x135  0x14  Code  Gb  exit.o [8]
__iar_close_ttio               0x41  0x2c  Code  Gb  iarttio.o [8]
__iar_copy_init3               0x75  0x2a  Code  Gb  copy_init3.o [7]
__iar_data_init3               0xa1  0x28  Code  Gb  data_init.o [7]
__iar_init_vfp                 0xc9        Code  Gb  fpinit_M.o [6]
__iar_lookup_ttioh             0x6d   0x8  Code  Gb  XShttio.o [4]
__iar_program_start           0x149        Code  Gb  cstartup_M.o [7]
__iar_ttio_handles      0x2000'0000   0x8  Data  Lc  XShttio.o [4]
__low_level_init              0x11f   0x4  Code  Gb  low_level_init.o [4]
__vector_table                  0x0        Data  Gb  vector_table_M.o [7]
_call_main                    0x10d        Code  Gb  cmain.o [7]
_exit                         0x129        Code  Gb  cexit.o [7]
exit                          0x125   0x4  Code  Gb  exit.o [4]
main                          0x123   0x2  Code  Gb  main.o [1]


[1] = C:\Users\Lenovo\Desktop\Senior-1\Fall 2025\CSE211 Introduction to Embedded Systems\Project\Door_Lock_System\CONTROL_ECU\Debug\Obj\APP
[2] = C:\Users\Lenovo\Desktop\Senior-1\Fall 2025\CSE211 Introduction to Embedded Systems\Project\Door_Lock_System\CONTROL_ECU\Debug\Obj\HAL
[3] = C:\Users\Lenovo\Desktop\Senior-1\Fall 2025\CSE211 Introduction to Embedded Systems\Project\Door_Lock_System\CONTROL_ECU\Debug\Obj\MCAL
[4] = dl7M_tln.a
[5] = driverlib.a
[6] = m7M_tls.a
[7] = rt7M_tl.a
[8] = shb_l.a

    334 bytes of readonly  code memory
     30 bytes of readonly  data memory
  4'104 bytes of readwrite data memory

Errors: none
Warnings: 1
